// Jest Snapshot v1, https://goo.gl/fbAQLP

exports[`renders <SafeSpace.Bottom /> 1`] = `
<RNCSafeAreaProvider
  onInsetsChange={[Function]}
  style={
    [
      {
        "flex": 1,
      },
      undefined,
    ]
  }
/>
`;

exports[`renders <SafeSpace.Top /> 1`] = `
<RNCSafeAreaProvider
  onInsetsChange={[Function]}
  style={
    [
      {
        "flex": 1,
      },
      undefined,
    ]
  }
/>
`;
