// Jest Snapshot v1, https://goo.gl/fbAQLP

exports[`renders <SafeSpaceBottom /> 1`] = `
<RNCSafeAreaProvider
  onInsetsChange={[Function]}
  style={
    [
      {
        "flex": 1,
      },
      undefined,
    ]
  }
/>
`;

exports[`renders <SafeSpaceTop /> 1`] = `
<RNCSafeAreaProvider
  onInsetsChange={[Function]}
  style={
    [
      {
        "flex": 1,
      },
      undefined,
    ]
  }
/>
`;

exports[`renders <Space /> 1`] = `
<View
  style={
    [
      {
        "backgroundColor": "transparent",
      },
      {
        "height": 24,
      },
    ]
  }
/>
`;
